[     213ms] [WARNING] A parser-blocking, cross site (i.e. different eTLD+1) script, https://t1.daumcdn.net/mapjsapi/js/main/4.5.26/kakao.js, is invoked via document.write. The network request for this script MAY be blocked by the browser in this or a future page load due to poor network connectivity. If blocked in this page load, it will be confirmed in a subsequent console message. See https://www.chromestatus.com/feature/5718547946799104 for more details. @ https://dapi.kakao.com/v2/maps/sdk.js?appkey=84c818b9acecab02a1e7f32ba16faab4&libraries=services:8
[     213ms] [WARNING] A parser-blocking, cross site (i.e. different eTLD+1) script, https://t1.daumcdn.net/mapjsapi/js/main/4.5.26/kakao.js, is invoked via document.write. The network request for this script MAY be blocked by the browser in this or a future page load due to poor network connectivity. If blocked in this page load, it will be confirmed in a subsequent console message. See https://www.chromestatus.com/feature/5718547946799104 for more details. @ https://dapi.kakao.com/v2/maps/sdk.js?appkey=84c818b9acecab02a1e7f32ba16faab4&libraries=services:8
[     213ms] [WARNING] A parser-blocking, cross site (i.e. different eTLD+1) script, https://t1.daumcdn.net/mapjsapi/js/libs/services/1.1.1/services.js, is invoked via document.write. The network request for this script MAY be blocked by the browser in this or a future page load due to poor network connectivity. If blocked in this page load, it will be confirmed in a subsequent console message. See https://www.chromestatus.com/feature/5718547946799104 for more details. @ https://dapi.kakao.com/v2/maps/sdk.js?appkey=84c818b9acecab02a1e7f32ba16faab4&libraries=services:8
[     366ms] [ERROR] Access to font at 'https://fonts.gstatic.com/ea/notosanskr/v2/NotoSansKR-Medium.woff2' from origin 'https://location.bfc.or.kr' has been blocked by CORS policy: No 'Access-Control-Allow-Origin' header is present on the requested resource. @ https://location.bfc.or.kr/:0
[     366ms] [ERROR] Failed to load resource: net::ERR_FAILED @ https://fonts.gstatic.com/ea/notosanskr/v2/NotoSansKR-Medium.woff2:0
[     367ms] [ERROR] Access to font at 'https://fonts.gstatic.com/ea/notosanskr/v2/NotoSansKR-Light.woff2' from origin 'https://location.bfc.or.kr' has been blocked by CORS policy: No 'Access-Control-Allow-Origin' header is present on the requested resource. @ https://location.bfc.or.kr/:0
[     367ms] [ERROR] Failed to load resource: net::ERR_FAILED @ https://fonts.gstatic.com/ea/notosanskr/v2/NotoSansKR-Light.woff2:0
[     367ms] [ERROR] Access to font at 'https://fonts.gstatic.com/ea/notosanskr/v2/NotoSansKR-Bold.woff2' from origin 'https://location.bfc.or.kr' has been blocked by CORS policy: No 'Access-Control-Allow-Origin' header is present on the requested resource. @ https://location.bfc.or.kr/:0
[     367ms] [ERROR] Failed to load resource: net::ERR_FAILED @ https://fonts.gstatic.com/ea/notosanskr/v2/NotoSansKR-Bold.woff2:0
[     516ms] [ERROR] Access to font at 'https://fonts.gstatic.com/ea/notosanskr/v2/NotoSansKR-Bold.woff' from origin 'https://location.bfc.or.kr' has been blocked by CORS policy: No 'Access-Control-Allow-Origin' header is present on the requested resource. @ https://location.bfc.or.kr/:0
[     516ms] [ERROR] Failed to load resource: net::ERR_FAILED @ https://fonts.gstatic.com/ea/notosanskr/v2/NotoSansKR-Bold.woff:0
[     517ms] [ERROR] Access to font at 'https://fonts.gstatic.com/ea/notosanskr/v2/NotoSansKR-Light.woff' from origin 'https://location.bfc.or.kr' has been blocked by CORS policy: No 'Access-Control-Allow-Origin' header is present on the requested resource. @ https://location.bfc.or.kr/:0
[     517ms] [ERROR] Failed to load resource: net::ERR_FAILED @ https://fonts.gstatic.com/ea/notosanskr/v2/NotoSansKR-Light.woff:0
[     518ms] [ERROR] Access to font at 'https://fonts.gstatic.com/ea/notosanskr/v2/NotoSansKR-Medium.woff' from origin 'https://location.bfc.or.kr' has been blocked by CORS policy: No 'Access-Control-Allow-Origin' header is present on the requested resource. @ https://location.bfc.or.kr/:0
[     518ms] [ERROR] Failed to load resource: net::ERR_FAILED @ https://fonts.gstatic.com/ea/notosanskr/v2/NotoSansKR-Medium.woff:0
[     619ms] [ERROR] Access to font at 'https://fonts.gstatic.com/ea/notosanskr/v2/NotoSansKR-Bold.otf' from origin 'https://location.bfc.or.kr' has been blocked by CORS policy: No 'Access-Control-Allow-Origin' header is present on the requested resource. @ https://location.bfc.or.kr/:0
[     619ms] [ERROR] Failed to load resource: net::ERR_FAILED @ https://fonts.gstatic.com/ea/notosanskr/v2/NotoSansKR-Bold.otf:0
[     619ms] [ERROR] Access to font at 'https://fonts.gstatic.com/ea/notosanskr/v2/NotoSansKR-Light.otf' from origin 'https://location.bfc.or.kr' has been blocked by CORS policy: No 'Access-Control-Allow-Origin' header is present on the requested resource. @ https://location.bfc.or.kr/:0
[     620ms] [ERROR] Failed to load resource: net::ERR_FAILED @ https://fonts.gstatic.com/ea/notosanskr/v2/NotoSansKR-Light.otf:0
[     620ms] [ERROR] Access to font at 'https://fonts.gstatic.com/ea/notosanskr/v2/NotoSansKR-Medium.otf' from origin 'https://location.bfc.or.kr' has been blocked by CORS policy: No 'Access-Control-Allow-Origin' header is present on the requested resource. @ https://location.bfc.or.kr/:0
[     620ms] [ERROR] Failed to load resource: net::ERR_FAILED @ https://fonts.gstatic.com/ea/notosanskr/v2/NotoSansKR-Medium.otf:0
