[      70ms] [ERROR] Failed to load resource: net::ERR_FAILED @ chrome-extension://invalid/:0
[     437ms] [ERROR] Failed to load resource: the server responded with a status of 404 (File not found) @ http://localhost:8088/images/ko/main/visual_plus.svg:0
[     438ms] [ERROR] Failed to load resource: the server responded with a status of 404 (File not found) @ http://localhost:8088/images/ko/main/b_title_bg.svg:0
[     439ms] [ERROR] Failed to load resource: the server responded with a status of 404 (File not found) @ http://localhost:8088/images/ko/main/business_bg.svg:0
[     439ms] [ERROR] Failed to load resource: the server responded with a status of 404 (File not found) @ http://localhost:8088/images/ko/common/ic_link.svg:0
[     440ms] [ERROR] Failed to load resource: the server responded with a status of 404 (File not found) @ http://localhost:8088/images/ko/main/support_bg.png:0
[     440ms] [ERROR] Failed to load resource: the server responded with a status of 404 (File not found) @ http://localhost:8088/images/ko/main/location_pin.svg:0
[     440ms] [ERROR] Failed to load resource: the server responded with a status of 404 (File not found) @ http://localhost:8088/images/ko/main/location_bg.png:0
[     440ms] [ERROR] Failed to load resource: the server responded with a status of 404 (File not found) @ http://localhost:8088/images/ko/common/aw_family.svg:0
[     588ms] [ERROR] Failed to load resource: the server responded with a status of 404 (File not found) @ http://localhost:8088/images/ko/main/movie_20200701.mp4:0
[     631ms] [WARNING] SplitText called before fonts loaded @ http://localhost:8088/image/%E1%84%87%E1%85%AE%E1%84%89%E1%85%A1%E1%86%AB%E1%84%8B%E1%85%A7%E1%86%BC%E1%84%89%E1%85%A1%E1%86%BC%E1%84%8B%E1%85%B1%E1%84%8B%E1%85%AF%E1%86%AB%E1%84%92%E1%85%AC%20BUSAN%20FILM%20COMMISSION_files/SplitText.min.js:10
[     642ms] [WARNING] SplitText called before fonts loaded @ http://localhost:8088/image/%E1%84%87%E1%85%AE%E1%84%89%E1%85%A1%E1%86%AB%E1%84%8B%E1%85%A7%E1%86%BC%E1%84%89%E1%85%A1%E1%86%BC%E1%84%8B%E1%85%B1%E1%84%8B%E1%85%AF%E1%86%AB%E1%84%92%E1%85%AC%20BUSAN%20FILM%20COMMISSION_files/SplitText.min.js:10
[     648ms] [WARNING] jQuery.Deferred exception: Cannot read properties of null (reading 'add') TypeError: Cannot read properties of null (reading 'add')
    at e.initADA (http://localhost:8088/image/%E1%84%87%E1%85%AE%E1%84%89%E1%85%A1%E1%86%AB%E1%84%8B%E1%85%A7%E1%86%BC%E1%84%89%E1%85%A1%E1%86%BC%E1%84%8B%E1%85%B1%E1%84%8B%E1%85%AF%E1%86%AB%E1%84%92%E1%85%AC%20BUSAN%20FILM%20COMMISSION_files/slick.min.js:1:19335)
    at e.init (http://localhost:8088/image/%E1%84%87%E1%85%AE%E1%84%89%E1%85%A1%E1%86%AB%E1%84%8B%E1%85%A7%E1%86%BC%E1%84%89%E1%85%A1%E1%86%BC%E1%84%8B%E1%85%B1%E1%84%8B%E1%85%AF%E1%86%AB%E1%84%92%E1%85%AC%20BUSAN%20FILM%20COMMISSION_files/slick.min.js:1:19101)
    at new <anonymous> (http://localhost:8088/image/%E1%84%87%E1%85%AE%E1%84%89%E1%85%A1%E1%86%AB%E1%84%8B%E1%85%A7%E1%86%BC%E1%84%89%E1%85%A1%E1%86%BC%E1%84%8B%E1%85%B1%E1%84%8B%E1%85%AF%E1%86%AB%E1%84%92%E1%85%AC%20BUSAN%20FILM%20COMMISSION_files/slick.min.js:1:2832)
    at i.fn.slick (http://localhost:8088/image/%E1%84%87%E1%85%AE%E1%84%89%E1%85%A1%E1%86%AB%E1%84%8B%E1%85%A7%E1%86%BC%E1%84%89%E1%85%A1%E1%86%BC%E1%84%8B%E1%85%B1%E1%84%8B%E1%85%AF%E1%86%AB%E1%84%92%E1%85%AC%20BUSAN%20FILM%20COMMISSION_files/slick.min.js:1:42781)
    at HTMLDocument.<anonymous> (http://localhost:8088/image/%E1%84%87%E1%85%AE%E1%84%89%E1%85%A1%E1%86%AB%E1%84%8B%E1%85%A7%E1%86%BC%E1%84%89%E1%85%A1%E1%86%BC%E1%84%8B%E1%85%B1%E1%84%8B%E1%85%AF%E1%86%AB%E1%84%92%E1%85%AC%20BUSAN%20FILM%20COMMISSION_files/main.js:4:18)
    at e (http://localhost:8088/image/%E1%84%87%E1%85%AE%E1%84%89%E1%85%A1%E1%86%AB%E1%84%8B%E1%85%A7%E1%86%BC%E1%84%89%E1%85%A1%E1%86%BC%E1%84%8B%E1%85%B1%E1%84%8B%E1%85%AF%E1%86%AB%E1%84%92%E1%85%AC%20BUSAN%20FILM%20COMMISSION_files/jquery-3.7.1.js:2:27028)
    at t (http://localhost:8088/image/%E1%84%87%E1%85%AE%E1%84%89%E1%85%A1%E1%86%AB%E1%84%8B%E1%85%A7%E1%86%BC%E1%84%89%E1%85%A1%E1%86%BC%E1%84%8B%E1%85%B1%E1%84%8B%E1%85%AF%E1%86%AB%E1%84%92%E1%85%AC%20BUSAN%20FILM%20COMMISSION_files/jquery-3.7.1.js:2:27330) undefined @ http://localhost:8088/image/%E1%84%87%E1%85%AE%E1%84%89%E1%85%A1%E1%86%AB%E1%84%8B%E1%85%A7%E1%86%BC%E1%84%89%E1%85%A1%E1%86%BC%E1%84%8B%E1%85%B1%E1%84%8B%E1%85%AF%E1%86%AB%E1%84%92%E1%85%AC%20BUSAN%20FILM%20COMMISSION_files/jquery-3.7.1.js:1
[     662ms] TypeError: Cannot read properties of null (reading 'add')
    at e.initADA (http://localhost:8088/image/%E1%84%87%E1%85%AE%E1%84%89%E1%85%A1%E1%86%AB%E1%84%8B%E1%85%A7%E1%86%BC%E1%84%89%E1%85%A1%E1%86%BC%E1%84%8B%E1%85%B1%E1%84%8B%E1%85%AF%E1%86%AB%E1%84%92%E1%85%AC%20BUSAN%20FILM%20COMMISSION_files/slick.min.js:1:19335)
    at e.init (http://localhost:8088/image/%E1%84%87%E1%85%AE%E1%84%89%E1%85%A1%E1%86%AB%E1%84%8B%E1%85%A7%E1%86%BC%E1%84%89%E1%85%A1%E1%86%BC%E1%84%8B%E1%85%B1%E1%84%8B%E1%85%AF%E1%86%AB%E1%84%92%E1%85%AC%20BUSAN%20FILM%20COMMISSION_files/slick.min.js:1:19101)
    at new <anonymous> (http://localhost:8088/image/%E1%84%87%E1%85%AE%E1%84%89%E1%85%A1%E1%86%AB%E1%84%8B%E1%85%A7%E1%86%BC%E1%84%89%E1%85%A1%E1%86%BC%E1%84%8B%E1%85%B1%E1%84%8B%E1%85%AF%E1%86%AB%E1%84%92%E1%85%AC%20BUSAN%20FILM%20COMMISSION_files/slick.min.js:1:2832)
    at i.fn.slick (http://localhost:8088/image/%E1%84%87%E1%85%AE%E1%84%89%E1%85%A1%E1%86%AB%E1%84%8B%E1%85%A7%E1%86%BC%E1%84%89%E1%85%A1%E1%86%BC%E1%84%8B%E1%85%B1%E1%84%8B%E1%85%AF%E1%86%AB%E1%84%92%E1%85%AC%20BUSAN%20FILM%20COMMISSION_files/slick.min.js:1:42781)
    at HTMLDocument.<anonymous> (http://localhost:8088/image/%E1%84%87%E1%85%AE%E1%84%89%E1%85%A1%E1%86%AB%E1%84%8B%E1%85%A7%E1%86%BC%E1%84%89%E1%85%A1%E1%86%BC%E1%84%8B%E1%85%B1%E1%84%8B%E1%85%AF%E1%86%AB%E1%84%92%E1%85%AC%20BUSAN%20FILM%20COMMISSION_files/main.js:4:18)
    at e (http://localhost:8088/image/%E1%84%87%E1%85%AE%E1%84%89%E1%85%A1%E1%86%AB%E1%84%8B%E1%85%A7%E1%86%BC%E1%84%89%E1%85%A1%E1%86%BC%E1%84%8B%E1%85%B1%E1%84%8B%E1%85%AF%E1%86%AB%E1%84%92%E1%85%AC%20BUSAN%20FILM%20COMMISSION_files/jquery-3.7.1.js:2:27028)
    at t (http://localhost:8088/image/%E1%84%87%E1%85%AE%E1%84%89%E1%85%A1%E1%86%AB%E1%84%8B%E1%85%A7%E1%86%BC%E1%84%89%E1%85%A1%E1%86%BC%E1%84%8B%E1%85%B1%E1%84%8B%E1%85%AF%E1%86%AB%E1%84%92%E1%85%AC%20BUSAN%20FILM%20COMMISSION_files/jquery-3.7.1.js:2:27330)
